gbfs_v2_3_to_v3_0_gbfs_versions_file_snapshot=[
  {
    "last_updated": 1434054678,
    "ttl": 0,
    "version": "3.0-RC",
    "data": {
      "versions": [
        {
          "version": "2.2",
          "url": "https://test.com/gbfs.json"
        }
      ]
    }
  }
]