gbfs_v2_3_to_v3_0_system_regions_file_snapshot=[
  {
    "last_updated": "2021-12-30T17:59:23.000+00:00",
    "ttl": 86400,
    "version": "3.0",
    "data": {
      "regions": [
        {
          "region_id": "3",
          "name": [
            {
              "text": "North",
              "language": "en"
            }
          ]
        },
        {
          "region_id": "4",
          "name": [
            {
              "text": "East",
              "language": "en"
            }
          ]
        },
        {
          "region_id": "5",
          "name": [
            {
              "text": "South",
              "language": "en"
            }
          ]
        },
        {
          "region_id": "6",
          "name": [
            {
              "text": "West",
              "language": "en"
            }
          ]
        }
      ]
    }
  }
]


gbfs_v3_0_to_v2_3_system_regions_file_snapshot=[
  {
    "last_updated": 1640887163,
    "ttl": 86400,
    "version": "2.3",
    "data": {
      "regions": [
        {
          "region_id": "3",
          "name": "North"
        },
        {
          "region_id": "4",
          "name": "East"
        },
        {
          "region_id": "5",
          "name": "South"
        },
        {
          "region_id": "6",
          "name": "West"
        }
      ]
    }
  }
]